[0.369s] Invoking command in '/home/vinnywy/Documentos/Github/Ros-Vis-o-Computacional/ros2_ws/src/turtle_draw': PYTHONPATH=/home/vinnywy/Documentos/Github/Ros-Vis-o-Computacional/ros2_ws/build/turtle_draw/prefix_override:/usr/lib/python3/dist-packages/colcon_core/task/python/colcon_distutils_commands:/home/vinnywy/Documentos/Github/Ros-Vis-o-Computacional/ros2_ws/install/turtle_draw/lib/python3.10/site-packages:${PYTHONPATH} /usr/bin/python3 -W ignore:setup.py install is deprecated -W ignore:easy_install command is deprecated setup.py egg_info --egg-base ../../build/turtle_draw build --build-base /home/vinnywy/Documentos/Github/Ros-Vis-o-Computacional/ros2_ws/build/turtle_draw/build install --record /home/vinnywy/Documentos/Github/Ros-Vis-o-Computacional/ros2_ws/build/turtle_draw/install.log --single-version-externally-managed install_data
[0.506s] running egg_info
[0.507s] creating ../../build/turtle_draw/turtle_draw.egg-info
[0.507s] writing ../../build/turtle_draw/turtle_draw.egg-info/PKG-INFO
[0.507s] writing dependency_links to ../../build/turtle_draw/turtle_draw.egg-info/dependency_links.txt
[0.507s] writing entry points to ../../build/turtle_draw/turtle_draw.egg-info/entry_points.txt
[0.507s] writing requirements to ../../build/turtle_draw/turtle_draw.egg-info/requires.txt
[0.507s] writing top-level names to ../../build/turtle_draw/turtle_draw.egg-info/top_level.txt
[0.507s] writing manifest file '../../build/turtle_draw/turtle_draw.egg-info/SOURCES.txt'
[0.508s] reading manifest file '../../build/turtle_draw/turtle_draw.egg-info/SOURCES.txt'
[0.508s] writing manifest file '../../build/turtle_draw/turtle_draw.egg-info/SOURCES.txt'
[0.508s] running build
[0.508s] running install
[0.508s] running install_data
[0.509s] creating /home/vinnywy/Documentos/Github/Ros-Vis-o-Computacional/ros2_ws/install/turtle_draw/share/ament_index
[0.509s] creating /home/vinnywy/Documentos/Github/Ros-Vis-o-Computacional/ros2_ws/install/turtle_draw/share/ament_index/resource_index
[0.509s] creating /home/vinnywy/Documentos/Github/Ros-Vis-o-Computacional/ros2_ws/install/turtle_draw/share/ament_index/resource_index/packages
[0.509s] copying resource/turtle_draw -> /home/vinnywy/Documentos/Github/Ros-Vis-o-Computacional/ros2_ws/install/turtle_draw/share/ament_index/resource_index/packages
[0.509s] copying package.xml -> /home/vinnywy/Documentos/Github/Ros-Vis-o-Computacional/ros2_ws/install/turtle_draw/share/turtle_draw
[0.509s] creating /home/vinnywy/Documentos/Github/Ros-Vis-o-Computacional/ros2_ws/install/turtle_draw/share/turtle_draw/launch
[0.509s] copying launch/turtle_draw.launch.py -> /home/vinnywy/Documentos/Github/Ros-Vis-o-Computacional/ros2_ws/install/turtle_draw/share/turtle_draw/launch
[0.509s] running install_egg_info
[0.510s] Copying ../../build/turtle_draw/turtle_draw.egg-info to /home/vinnywy/Documentos/Github/Ros-Vis-o-Computacional/ros2_ws/install/turtle_draw/lib/python3.10/site-packages/turtle_draw-0.1.0-py3.10.egg-info
[0.510s] running install_scripts
[0.526s] Installing turtle_controller script to /home/vinnywy/Documentos/Github/Ros-Vis-o-Computacional/ros2_ws/install/turtle_draw/lib/turtle_draw
[0.526s] writing list of installed files to '/home/vinnywy/Documentos/Github/Ros-Vis-o-Computacional/ros2_ws/build/turtle_draw/install.log'
[0.541s] Invoked command in '/home/vinnywy/Documentos/Github/Ros-Vis-o-Computacional/ros2_ws/src/turtle_draw' returned '0': PYTHONPATH=/home/vinnywy/Documentos/Github/Ros-Vis-o-Computacional/ros2_ws/build/turtle_draw/prefix_override:/usr/lib/python3/dist-packages/colcon_core/task/python/colcon_distutils_commands:/home/vinnywy/Documentos/Github/Ros-Vis-o-Computacional/ros2_ws/install/turtle_draw/lib/python3.10/site-packages:${PYTHONPATH} /usr/bin/python3 -W ignore:setup.py install is deprecated -W ignore:easy_install command is deprecated setup.py egg_info --egg-base ../../build/turtle_draw build --build-base /home/vinnywy/Documentos/Github/Ros-Vis-o-Computacional/ros2_ws/build/turtle_draw/build install --record /home/vinnywy/Documentos/Github/Ros-Vis-o-Computacional/ros2_ws/build/turtle_draw/install.log --single-version-externally-managed install_data
