[0.076s] DEBUG:colcon:Command line arguments: ['/usr/bin/colcon', 'build', '--packages-select', 'turtle_draw']
[0.076s] DEBUG:colcon:Parsed command line arguments: Namespace(log_base=None, log_level=None, verb_name='build', build_base='build', install_base='install', merge_install=False, symlink_install=False, test_result_base=None, continue_on_error=False, executor='parallel', parallel_workers=12, event_handlers=None, ignore_user_meta=False, metas=['./colcon.meta'], base_paths=['.'], packages_ignore=None, packages_ignore_regex=None, paths=None, packages_up_to=None, packages_up_to_regex=None, packages_above=None, packages_above_and_dependencies=None, packages_above_depth=None, packages_select_by_dep=None, packages_skip_by_dep=None, packages_skip_up_to=None, packages_select_build_failed=False, packages_skip_build_finished=False, packages_select_test_failures=False, packages_skip_test_passed=False, packages_select=['turtle_draw'], packages_skip=None, packages_select_regex=None, packages_skip_regex=None, packages_start=None, packages_end=None, allow_overriding=[], cmake_args=None, cmake_target=None, cmake_target_skip_unavailable=False, cmake_clean_cache=False, cmake_clean_first=False, cmake_force_configure=False, ament_cmake_args=None, catkin_cmake_args=None, catkin_skip_building_tests=False, mixin_files=None, mixin=None, verb_parser=<colcon_mixin.mixin.mixin_argument.MixinArgumentDecorator object at 0x7b0dc4661ba0>, verb_extension=<colcon_core.verb.build.BuildVerb object at 0x7b0dc47df370>, main=<bound method BuildVerb.main of <colcon_core.verb.build.BuildVerb object at 0x7b0dc47df370>>, mixin_verb=('build',))
[0.188s] Level 1:colcon.colcon_core.package_discovery:discover_packages(colcon_meta) check parameters
[0.189s] Level 1:colcon.colcon_core.package_discovery:discover_packages(recursive) check parameters
[0.189s] Level 1:colcon.colcon_core.package_discovery:discover_packages(ignore) check parameters
[0.189s] Level 1:colcon.colcon_core.package_discovery:discover_packages(path) check parameters
[0.189s] Level 1:colcon.colcon_core.package_discovery:discover_packages(colcon_meta) discover
[0.189s] Level 1:colcon.colcon_core.package_discovery:discover_packages(recursive) discover
[0.189s] INFO:colcon.colcon_core.package_discovery:Crawling recursively for packages in '/home/vinnywy/Documentos/Github/Ros-Vis-o-Computacional/ros2_ws'
[0.189s] Level 1:colcon.colcon_core.package_identification:_identify(.) by extensions ['ignore', 'ignore_ament_install']
[0.189s] Level 1:colcon.colcon_core.package_identification:_identify(.) by extension 'ignore'
[0.189s] Level 1:colcon.colcon_core.package_identification:_identify(.) by extension 'ignore_ament_install'
[0.189s] Level 1:colcon.colcon_core.package_identification:_identify(.) by extensions ['colcon_pkg']
[0.189s] Level 1:colcon.colcon_core.package_identification:_identify(.) by extension 'colcon_pkg'
[0.189s] Level 1:colcon.colcon_core.package_identification:_identify(.) by extensions ['colcon_meta']
[0.189s] Level 1:colcon.colcon_core.package_identification:_identify(.) by extension 'colcon_meta'
[0.189s] Level 1:colcon.colcon_core.package_identification:_identify(.) by extensions ['ros']
[0.189s] Level 1:colcon.colcon_core.package_identification:_identify(.) by extension 'ros'
[0.196s] Level 1:colcon.colcon_core.package_identification:_identify(.) by extensions ['cmake', 'python']
[0.196s] Level 1:colcon.colcon_core.package_identification:_identify(.) by extension 'cmake'
[0.196s] Level 1:colcon.colcon_core.package_identification:_identify(.) by extension 'python'
[0.196s] Level 1:colcon.colcon_core.package_identification:_identify(.) by extensions ['python_setup_py']
[0.196s] Level 1:colcon.colcon_core.package_identification:_identify(.) by extension 'python_setup_py'
[0.196s] Level 1:colcon.colcon_core.package_identification:_identify(build) by extensions ['ignore', 'ignore_ament_install']
[0.196s] Level 1:colcon.colcon_core.package_identification:_identify(build) by extension 'ignore'
[0.196s] Level 1:colcon.colcon_core.package_identification:_identify(build) ignored
[0.196s] Level 1:colcon.colcon_core.package_identification:_identify(install) by extensions ['ignore', 'ignore_ament_install']
[0.196s] Level 1:colcon.colcon_core.package_identification:_identify(install) by extension 'ignore'
[0.196s] Level 1:colcon.colcon_core.package_identification:_identify(install) ignored
[0.196s] Level 1:colcon.colcon_core.package_identification:_identify(log) by extensions ['ignore', 'ignore_ament_install']
[0.196s] Level 1:colcon.colcon_core.package_identification:_identify(log) by extension 'ignore'
[0.196s] Level 1:colcon.colcon_core.package_identification:_identify(log) ignored
[0.196s] Level 1:colcon.colcon_core.package_identification:_identify(src) by extensions ['ignore', 'ignore_ament_install']
[0.196s] Level 1:colcon.colcon_core.package_identification:_identify(src) by extension 'ignore'
[0.196s] Level 1:colcon.colcon_core.package_identification:_identify(src) by extension 'ignore_ament_install'
[0.196s] Level 1:colcon.colcon_core.package_identification:_identify(src) by extensions ['colcon_pkg']
[0.196s] Level 1:colcon.colcon_core.package_identification:_identify(src) by extension 'colcon_pkg'
[0.196s] Level 1:colcon.colcon_core.package_identification:_identify(src) by extensions ['colcon_meta']
[0.196s] Level 1:colcon.colcon_core.package_identification:_identify(src) by extension 'colcon_meta'
[0.196s] Level 1:colcon.colcon_core.package_identification:_identify(src) by extensions ['ros']
[0.196s] Level 1:colcon.colcon_core.package_identification:_identify(src) by extension 'ros'
[0.197s] Level 1:colcon.colcon_core.package_identification:_identify(src) by extensions ['cmake', 'python']
[0.197s] Level 1:colcon.colcon_core.package_identification:_identify(src) by extension 'cmake'
[0.197s] Level 1:colcon.colcon_core.package_identification:_identify(src) by extension 'python'
[0.197s] Level 1:colcon.colcon_core.package_identification:_identify(src) by extensions ['python_setup_py']
[0.197s] Level 1:colcon.colcon_core.package_identification:_identify(src) by extension 'python_setup_py'
[0.197s] Level 1:colcon.colcon_core.package_identification:_identify(src/turtle_draw) by extensions ['ignore', 'ignore_ament_install']
[0.197s] Level 1:colcon.colcon_core.package_identification:_identify(src/turtle_draw) by extension 'ignore'
[0.197s] Level 1:colcon.colcon_core.package_identification:_identify(src/turtle_draw) by extension 'ignore_ament_install'
[0.197s] Level 1:colcon.colcon_core.package_identification:_identify(src/turtle_draw) by extensions ['colcon_pkg']
[0.197s] Level 1:colcon.colcon_core.package_identification:_identify(src/turtle_draw) by extension 'colcon_pkg'
[0.197s] Level 1:colcon.colcon_core.package_identification:_identify(src/turtle_draw) by extensions ['colcon_meta']
[0.197s] Level 1:colcon.colcon_core.package_identification:_identify(src/turtle_draw) by extension 'colcon_meta'
[0.197s] Level 1:colcon.colcon_core.package_identification:_identify(src/turtle_draw) by extensions ['ros']
[0.197s] Level 1:colcon.colcon_core.package_identification:_identify(src/turtle_draw) by extension 'ros'
[0.198s] DEBUG:colcon.colcon_core.package_identification:Package 'src/turtle_draw' with type 'ros.ament_python' and name 'turtle_draw'
[0.198s] Level 1:colcon.colcon_core.package_discovery:discover_packages(recursive) using defaults
[0.198s] Level 1:colcon.colcon_core.package_discovery:discover_packages(ignore) discover
[0.199s] Level 1:colcon.colcon_core.package_discovery:discover_packages(ignore) using defaults
[0.199s] Level 1:colcon.colcon_core.package_discovery:discover_packages(path) discover
[0.199s] Level 1:colcon.colcon_core.package_discovery:discover_packages(path) using defaults
[0.218s] Level 1:colcon.colcon_core.package_discovery:discover_packages(prefix_path) check parameters
[0.218s] Level 1:colcon.colcon_core.package_discovery:discover_packages(prefix_path) discover
[0.219s] DEBUG:colcon.colcon_installed_package_information.package_discovery:Found 273 installed packages in /opt/ros/humble
[0.220s] Level 1:colcon.colcon_core.package_discovery:discover_packages(prefix_path) using defaults
[0.243s] Level 5:colcon.colcon_core.verb:set package 'turtle_draw' build argument 'cmake_args' from command line to 'None'
[0.243s] Level 5:colcon.colcon_core.verb:set package 'turtle_draw' build argument 'cmake_target' from command line to 'None'
[0.243s] Level 5:colcon.colcon_core.verb:set package 'turtle_draw' build argument 'cmake_target_skip_unavailable' from command line to 'False'
[0.243s] Level 5:colcon.colcon_core.verb:set package 'turtle_draw' build argument 'cmake_clean_cache' from command line to 'False'
[0.243s] Level 5:colcon.colcon_core.verb:set package 'turtle_draw' build argument 'cmake_clean_first' from command line to 'False'
[0.243s] Level 5:colcon.colcon_core.verb:set package 'turtle_draw' build argument 'cmake_force_configure' from command line to 'False'
[0.243s] Level 5:colcon.colcon_core.verb:set package 'turtle_draw' build argument 'ament_cmake_args' from command line to 'None'
[0.243s] Level 5:colcon.colcon_core.verb:set package 'turtle_draw' build argument 'catkin_cmake_args' from command line to 'None'
[0.243s] Level 5:colcon.colcon_core.verb:set package 'turtle_draw' build argument 'catkin_skip_building_tests' from command line to 'False'
[0.243s] DEBUG:colcon.colcon_core.verb:Building package 'turtle_draw' with the following arguments: {'ament_cmake_args': None, 'build_base': '/home/vinnywy/Documentos/Github/Ros-Vis-o-Computacional/ros2_ws/build/turtle_draw', 'catkin_cmake_args': None, 'catkin_skip_building_tests': False, 'cmake_args': None, 'cmake_clean_cache': False, 'cmake_clean_first': False, 'cmake_force_configure': False, 'cmake_target': None, 'cmake_target_skip_unavailable': False, 'install_base': '/home/vinnywy/Documentos/Github/Ros-Vis-o-Computacional/ros2_ws/install/turtle_draw', 'merge_install': False, 'path': '/home/vinnywy/Documentos/Github/Ros-Vis-o-Computacional/ros2_ws/src/turtle_draw', 'symlink_install': False, 'test_result_base': None}
[0.243s] INFO:colcon.colcon_core.executor:Executing jobs using 'parallel' executor
[0.244s] DEBUG:colcon.colcon_parallel_executor.executor.parallel:run_until_complete
[0.244s] INFO:colcon.colcon_ros.task.ament_python.build:Building ROS package in '/home/vinnywy/Documentos/Github/Ros-Vis-o-Computacional/ros2_ws/src/turtle_draw' with build type 'ament_python'
[0.244s] Level 1:colcon.colcon_core.shell:create_environment_hook('turtle_draw', 'ament_prefix_path')
[0.245s] INFO:colcon.colcon_core.plugin_system:Skipping extension 'colcon_core.shell.bat': Not used on non-Windows systems
[0.246s] INFO:colcon.colcon_core.shell:Creating environment hook '/home/vinnywy/Documentos/Github/Ros-Vis-o-Computacional/ros2_ws/install/turtle_draw/share/turtle_draw/hook/ament_prefix_path.ps1'
[0.246s] INFO:colcon.colcon_core.shell:Creating environment descriptor '/home/vinnywy/Documentos/Github/Ros-Vis-o-Computacional/ros2_ws/install/turtle_draw/share/turtle_draw/hook/ament_prefix_path.dsv'
[0.247s] INFO:colcon.colcon_core.shell:Creating environment hook '/home/vinnywy/Documentos/Github/Ros-Vis-o-Computacional/ros2_ws/install/turtle_draw/share/turtle_draw/hook/ament_prefix_path.sh'
[0.247s] INFO:colcon.colcon_core.shell:Skip shell extension 'powershell' for command environment: Not usable outside of PowerShell
[0.247s] DEBUG:colcon.colcon_core.shell:Skip shell extension 'dsv' for command environment
[0.407s] INFO:colcon.colcon_core.task.python.build:Building Python package in '/home/vinnywy/Documentos/Github/Ros-Vis-o-Computacional/ros2_ws/src/turtle_draw'
[0.407s] INFO:colcon.colcon_core.shell:Skip shell extension 'powershell' for command environment: Not usable outside of PowerShell
[0.407s] DEBUG:colcon.colcon_core.shell:Skip shell extension 'dsv' for command environment
[0.614s] DEBUG:colcon.colcon_core.event_handler.log_command:Invoking command in '/home/vinnywy/Documentos/Github/Ros-Vis-o-Computacional/ros2_ws/src/turtle_draw': PYTHONPATH=/home/vinnywy/Documentos/Github/Ros-Vis-o-Computacional/ros2_ws/build/turtle_draw/prefix_override:/usr/lib/python3/dist-packages/colcon_core/task/python/colcon_distutils_commands:/home/vinnywy/Documentos/Github/Ros-Vis-o-Computacional/ros2_ws/install/turtle_draw/lib/python3.10/site-packages:${PYTHONPATH} /usr/bin/python3 -W ignore:setup.py install is deprecated -W ignore:easy_install command is deprecated setup.py egg_info --egg-base ../../build/turtle_draw build --build-base /home/vinnywy/Documentos/Github/Ros-Vis-o-Computacional/ros2_ws/build/turtle_draw/build install --record /home/vinnywy/Documentos/Github/Ros-Vis-o-Computacional/ros2_ws/build/turtle_draw/install.log --single-version-externally-managed install_data
[0.786s] DEBUG:colcon.colcon_core.event_handler.log_command:Invoked command in '/home/vinnywy/Documentos/Github/Ros-Vis-o-Computacional/ros2_ws/src/turtle_draw' returned '0': PYTHONPATH=/home/vinnywy/Documentos/Github/Ros-Vis-o-Computacional/ros2_ws/build/turtle_draw/prefix_override:/usr/lib/python3/dist-packages/colcon_core/task/python/colcon_distutils_commands:/home/vinnywy/Documentos/Github/Ros-Vis-o-Computacional/ros2_ws/install/turtle_draw/lib/python3.10/site-packages:${PYTHONPATH} /usr/bin/python3 -W ignore:setup.py install is deprecated -W ignore:easy_install command is deprecated setup.py egg_info --egg-base ../../build/turtle_draw build --build-base /home/vinnywy/Documentos/Github/Ros-Vis-o-Computacional/ros2_ws/build/turtle_draw/build install --record /home/vinnywy/Documentos/Github/Ros-Vis-o-Computacional/ros2_ws/build/turtle_draw/install.log --single-version-externally-managed install_data
[0.788s] Level 1:colcon.colcon_core.environment:checking '/home/vinnywy/Documentos/Github/Ros-Vis-o-Computacional/ros2_ws/install/turtle_draw' for CMake module files
[0.788s] Level 1:colcon.colcon_core.environment:checking '/home/vinnywy/Documentos/Github/Ros-Vis-o-Computacional/ros2_ws/install/turtle_draw' for CMake config files
[0.789s] Level 1:colcon.colcon_core.environment:checking '/home/vinnywy/Documentos/Github/Ros-Vis-o-Computacional/ros2_ws/install/turtle_draw/lib'
[0.789s] Level 1:colcon.colcon_core.environment:checking '/home/vinnywy/Documentos/Github/Ros-Vis-o-Computacional/ros2_ws/install/turtle_draw/bin'
[0.789s] Level 1:colcon.colcon_core.environment:checking '/home/vinnywy/Documentos/Github/Ros-Vis-o-Computacional/ros2_ws/install/turtle_draw/lib/pkgconfig/turtle_draw.pc'
[0.790s] Level 1:colcon.colcon_core.environment:checking '/home/vinnywy/Documentos/Github/Ros-Vis-o-Computacional/ros2_ws/install/turtle_draw/lib/python3.10/site-packages'
[0.790s] Level 1:colcon.colcon_core.shell:create_environment_hook('turtle_draw', 'pythonpath')
[0.790s] INFO:colcon.colcon_core.shell:Creating environment hook '/home/vinnywy/Documentos/Github/Ros-Vis-o-Computacional/ros2_ws/install/turtle_draw/share/turtle_draw/hook/pythonpath.ps1'
[0.790s] INFO:colcon.colcon_core.shell:Creating environment descriptor '/home/vinnywy/Documentos/Github/Ros-Vis-o-Computacional/ros2_ws/install/turtle_draw/share/turtle_draw/hook/pythonpath.dsv'
[0.791s] INFO:colcon.colcon_core.shell:Creating environment hook '/home/vinnywy/Documentos/Github/Ros-Vis-o-Computacional/ros2_ws/install/turtle_draw/share/turtle_draw/hook/pythonpath.sh'
[0.791s] Level 1:colcon.colcon_core.environment:checking '/home/vinnywy/Documentos/Github/Ros-Vis-o-Computacional/ros2_ws/install/turtle_draw/bin'
[0.791s] Level 1:colcon.colcon_core.environment:create_environment_scripts_only(turtle_draw)
[0.791s] INFO:colcon.colcon_core.shell:Creating package script '/home/vinnywy/Documentos/Github/Ros-Vis-o-Computacional/ros2_ws/install/turtle_draw/share/turtle_draw/package.ps1'
[0.792s] INFO:colcon.colcon_core.shell:Creating package descriptor '/home/vinnywy/Documentos/Github/Ros-Vis-o-Computacional/ros2_ws/install/turtle_draw/share/turtle_draw/package.dsv'
[0.792s] INFO:colcon.colcon_core.shell:Creating package script '/home/vinnywy/Documentos/Github/Ros-Vis-o-Computacional/ros2_ws/install/turtle_draw/share/turtle_draw/package.sh'
[0.793s] INFO:colcon.colcon_core.shell:Creating package script '/home/vinnywy/Documentos/Github/Ros-Vis-o-Computacional/ros2_ws/install/turtle_draw/share/turtle_draw/package.bash'
[0.793s] INFO:colcon.colcon_core.shell:Creating package script '/home/vinnywy/Documentos/Github/Ros-Vis-o-Computacional/ros2_ws/install/turtle_draw/share/turtle_draw/package.zsh'
[0.793s] Level 1:colcon.colcon_core.environment:create_file_with_runtime_dependencies(/home/vinnywy/Documentos/Github/Ros-Vis-o-Computacional/ros2_ws/install/turtle_draw/share/colcon-core/packages/turtle_draw)
[0.794s] DEBUG:colcon.colcon_parallel_executor.executor.parallel:closing loop
[0.794s] DEBUG:colcon.colcon_parallel_executor.executor.parallel:loop closed
[0.794s] DEBUG:colcon.colcon_parallel_executor.executor.parallel:run_until_complete finished with '0'
[0.794s] DEBUG:colcon.colcon_core.event_reactor:joining thread
[0.799s] INFO:colcon.colcon_core.plugin_system:Skipping extension 'colcon_notification.desktop_notification.terminal_notifier': Not used on non-Darwin systems
[0.799s] INFO:colcon.colcon_core.plugin_system:Skipping extension 'colcon_notification.desktop_notification.win32': Not used on non-Windows systems
[0.799s] INFO:colcon.colcon_notification.desktop_notification:Sending desktop notification using 'notify2'
[0.808s] DEBUG:colcon.colcon_core.event_reactor:joined thread
[0.809s] INFO:colcon.colcon_core.shell:Creating prefix script '/home/vinnywy/Documentos/Github/Ros-Vis-o-Computacional/ros2_ws/install/local_setup.ps1'
[0.810s] INFO:colcon.colcon_core.shell:Creating prefix util module '/home/vinnywy/Documentos/Github/Ros-Vis-o-Computacional/ros2_ws/install/_local_setup_util_ps1.py'
[0.811s] INFO:colcon.colcon_core.shell:Creating prefix chain script '/home/vinnywy/Documentos/Github/Ros-Vis-o-Computacional/ros2_ws/install/setup.ps1'
[0.812s] INFO:colcon.colcon_core.shell:Creating prefix script '/home/vinnywy/Documentos/Github/Ros-Vis-o-Computacional/ros2_ws/install/local_setup.sh'
[0.813s] INFO:colcon.colcon_core.shell:Creating prefix util module '/home/vinnywy/Documentos/Github/Ros-Vis-o-Computacional/ros2_ws/install/_local_setup_util_sh.py'
[0.813s] INFO:colcon.colcon_core.shell:Creating prefix chain script '/home/vinnywy/Documentos/Github/Ros-Vis-o-Computacional/ros2_ws/install/setup.sh'
[0.814s] INFO:colcon.colcon_core.shell:Creating prefix script '/home/vinnywy/Documentos/Github/Ros-Vis-o-Computacional/ros2_ws/install/local_setup.bash'
[0.815s] INFO:colcon.colcon_core.shell:Creating prefix chain script '/home/vinnywy/Documentos/Github/Ros-Vis-o-Computacional/ros2_ws/install/setup.bash'
[0.815s] INFO:colcon.colcon_core.shell:Creating prefix script '/home/vinnywy/Documentos/Github/Ros-Vis-o-Computacional/ros2_ws/install/local_setup.zsh'
[0.815s] INFO:colcon.colcon_core.shell:Creating prefix chain script '/home/vinnywy/Documentos/Github/Ros-Vis-o-Computacional/ros2_ws/install/setup.zsh'
